// Vitest Snapshot v1, https://vitest.dev/guide/snapshot.html

exports[`planner utils > allDayIndices A should contain indices for all days 1`] = `
[
  0,
  1,
  2,
  3,
  4,
  5,
  6,
  7,
  8,
  9,
  10,
  11,
  12,
  13,
]
`;

exports[`planner utils > createTaskDistribution A should create empty distribution for empty task list 1`] = `
{
  "0": [],
  "1": [],
  "10": [],
  "11": [],
  "12": [],
  "13": [],
  "2": [],
  "3": [],
  "4": [],
  "5": [],
  "6": [],
  "7": [],
  "8": [],
  "9": [],
}
`;

exports[`planner utils > validFrequencies A should be in ascending order 1`] = `
[
  1,
  2,
  3,
  4,
  5,
  6,
  7,
  14,
  21,
  28,
]
`;

exports[`planner utils > weekDays A should contain all fourteen days 1`] = `
[
  "Mon W1",
  "Tue W1",
  "Wed W1",
  "Thu W1",
  "Fri W1",
  "Sat W1",
  "Sun W1",
  "Mon W2",
  "Tue W2",
  "Wed W2",
  "Thu W2",
  "Fri W2",
  "Sat W2",
  "Sun W2",
]
`;
